// Jest Snapshot v1, https://goo.gl/fbAQLP

exports[`LinkRow component should match the snapshot 1`] = `
[
  <Text
    accessibilityRole="link"
    color="blue"
    defaultColor="blue"
    defaultWeight="SemiBold"
    ellipsizeMode="tail"
    font="TitilliumWeb"
    fontStyle={
      {
        "fontSize": 16,
        "textDecorationLine": "underline",
      }
    }
    numberOfLines={1}
    onPress={[Function]}
    style={
      [
        {
          "paddingVertical": 16,
        },
        {
          "fontSize": 16,
          "textDecorationLine": "underline",
        },
        {
          "color": "#0073E6",
          "fontFamily": "Titillium Web",
          "fontStyle": "normal",
          "fontWeight": "600",
        },
      ]
    }
    weight="SemiBold"
  >
    Email
  </Text>,
  <View
    style={
      [
        {
          "backgroundColor": "#CCD4DC",
        },
        false,
        {
          "height": 0.5,
        },
      ]
    }
  />,
]
`;
