// Jest Snapshot v1, https://goo.gl/fbAQLP

exports[`MessageDetailsContent component should match the snapshot when abstract is defined 1`] = `
[
  <View
    style={
      {
        "height": 16,
      }
    }
  />,
  <Text
    allowFontScaling={false}
    color="grey-850"
    defaultColor="bluegrey"
    defaultWeight="Regular"
    font="TitilliumWeb"
    fontStyle={
      {
        "fontSize": 16,
        "lineHeight": 24,
      }
    }
    style={
      [
        {
          "fontSize": 16,
          "lineHeight": 24,
        },
        {
          "color": "#2B2E38",
          "fontFamily": "Titillium Web",
          "fontStyle": "normal",
          "fontWeight": "400",
        },
      ]
    }
    weight="Regular"
  >
    abstract
  </Text>,
]
`;

exports[`MessageDetailsContent component should match the snapshot when abstract is not defined 1`] = `null`;
