// Jest Snapshot v1, https://goo.gl/fbAQLP

exports[`EidCardPreview should match the snapshot 1`] = `
<View
  style={
    {
      "aspectRatio": 4.5,
      "overflow": "hidden",
    }
  }
>
  <View
    style={
      {
        "aspectRatio": 1.6,
        "borderRadius": 8,
        "overflow": "hidden",
      }
    }
  >
    <View
      style={
        {
          "backgroundColor": "#E8EBF1",
          "bottom": 0,
          "left": 0,
          "position": "absolute",
          "right": 0,
          "top": 0,
        }
      }
    >
      <SvgMock />
    </View>
    <View
      style={
        {
          "paddingHorizontal": 16,
          "paddingTop": 12,
        }
      }
    >
      <View
        style={
          {
            "alignItems": "center",
            "flexDirection": "row",
            "justifyContent": "space-between",
          }
        }
      >
        <Text
          allowFontScaling={false}
          color="bluegreyDark"
          defaultColor="bluegrey"
          defaultWeight="Regular"
          font="TitilliumWeb"
          fontStyle={
            {
              "fontSize": 16,
              "lineHeight": 24,
            }
          }
          style={
            [
              {
                "fontSize": 16,
                "lineHeight": 24,
              },
              {
                "color": "#17324D",
                "fontFamily": "Titillium Web",
                "fontStyle": "normal",
                "fontWeight": "600",
              },
            ]
          }
          weight="SemiBold"
        >
          IDENTITÃ€ DIGITALE
        </Text>
      </View>
    </View>
    <View
      style={
        [
          {
            "borderColor": "transparent",
            "borderLeftWidth": 9,
            "borderRadius": 8,
            "borderWidth": 1,
            "bottom": 0,
            "left": 0,
            "position": "absolute",
            "right": 0,
            "top": 0,
          },
          false,
          false,
        ]
      }
    />
  </View>
</View>
`;
