// Jest Snapshot v1, https://goo.gl/fbAQLP

exports[`PdfViewer should match the snapshot 1`] = `
<View
  style={
    {
      "flex": 1,
    }
  }
  testID="overlayComponent"
>
  <View
    style={
      [
        {
          "backgroundColor": "#FFFFFF",
          "bottom": 0,
          "inset": 0,
          "justifyContent": "center",
          "left": 0,
          "position": "absolute",
          "right": 0,
          "top": 0,
          "zIndex": 1,
        },
        {
          "backgroundColor": "rgba(255,255,255,0.7)",
          "opacity": 1,
        },
      ]
    }
  >
    <View
      style={
        [
          {
            "alignItems": "center",
            "flex": 1,
            "height": 100,
            "justifyContent": "center",
          },
          undefined,
        ]
      }
    >
      <View
        accessibilityRole="progressbar"
        accessible={true}
        importantForAccessibility="no-hide-descendants"
        style={
          {
            "height": 24,
            "width": 24,
          }
        }
        testID="LoadingSpinnerTestID"
      >
        <View
          collapsable={false}
          style={
            {
              "transform": [
                {
                  "rotateZ": "0deg",
                },
              ],
            }
          }
          testID="LoadingSpinnerAnimatedTestID"
        >
          <RNSVGSvgView
            align="xMidYMid"
            bbHeight={24}
            bbWidth={24}
            fill="none"
            focusable={false}
            height={24}
            meetOrSlice={0}
            minX={0}
            minY={0}
            style={
              [
                {
                  "backgroundColor": "transparent",
                  "borderWidth": 0,
                },
                {
                  "flex": 0,
                  "height": 24,
                  "width": 24,
                },
              ]
            }
            vbHeight={24}
            vbWidth={24}
            width={24}
          >
            <RNSVGGroup
              fill={null}
              propList={
                [
                  "fill",
                ]
              }
            >
              <RNSVGDefs>
                <RNSVGLinearGradient
                  gradient={
                    [
                      0,
                      736995,
                      1,
                      -16040221,
                    ]
                  }
                  gradientTransform={null}
                  gradientUnits={0}
                  name="spinner-secondHalf"
                  x1="0%"
                  x2="100%"
                  y1="0%"
                  y2="0%"
                />
                <RNSVGLinearGradient
                  gradient={
                    [
                      0,
                      -16040221,
                      1,
                      -16040221,
                    ]
                  }
                  gradientTransform={null}
                  gradientUnits={0}
                  name="spinner-firstHalf"
                  x1="0%"
                  x2="100%"
                  y1="0%"
                  y2="0%"
                />
              </RNSVGDefs>
              <RNSVGGroup
                fill={
                  {
                    "payload": 4278190080,
                    "type": 0,
                  }
                }
                propList={
                  [
                    "strokeWidth",
                  ]
                }
                strokeWidth={3}
              >
                <RNSVGPath
                  d="M 1.5 12 A 10.5 10.5 0 0 1 22.5 12"
                  fill={
                    {
                      "payload": 4278190080,
                      "type": 0,
                    }
                  }
                  propList={
                    [
                      "stroke",
                    ]
                  }
                  stroke={
                    {
                      "brushRef": "spinner-secondHalf",
                      "type": 1,
                    }
                  }
                />
                <RNSVGPath
                  d="M 22.5 12 A 10.5 10.5 0 0 1 1.5 12"
                  fill={
                    {
                      "payload": 4278190080,
                      "type": 0,
                    }
                  }
                  propList={
                    [
                      "stroke",
                    ]
                  }
                  stroke={
                    {
                      "brushRef": "spinner-firstHalf",
                      "type": 1,
                    }
                  }
                />
                <RNSVGPath
                  d="M 1.5 12 A 10.5 10.5 0 0 1 1.5 11.25"
                  fill={
                    {
                      "payload": 4278190080,
                      "type": 0,
                    }
                  }
                  propList={
                    [
                      "stroke",
                      "strokeLinecap",
                    ]
                  }
                  stroke={
                    {
                      "payload": 4278927075,
                      "type": 0,
                    }
                  }
                  strokeLinecap={1}
                />
              </RNSVGGroup>
            </RNSVGGroup>
          </RNSVGSvgView>
        </View>
      </View>
      <View
        style={
          {
            "padding": 24,
          }
        }
      >
        <Text
          accessible={true}
          color="bluegrey"
          defaultColor="bluegrey"
          defaultWeight="Regular"
          font="TitilliumSansPro"
          fontStyle={
            {
              "fontSize": 16,
              "lineHeight": 24,
            }
          }
          style={
            [
              {
                "textAlign": "center",
              },
              {
                "fontSize": 16,
                "lineHeight": 24,
              },
              {
                "color": "#475A6D",
                "fontFamily": "Titillium Sans Pro",
                "fontStyle": "normal",
                "fontWeight": "400",
              },
            ]
          }
          weight="Regular"
        >
          Loading document...
        </Text>
      </View>
    </View>
  </View>
  <View
    style={
      [
        {
          "flex": 1,
        },
        {
          "zIndex": 0,
        },
      ]
    }
  >
    <View
      accessibilityLabel="Preview of the PDF document"
      accessible={true}
      style={
        {
          "flex": 1,
        }
      }
    />
  </View>
</View>
`;
